<!DOCTYPE html>
<html lang="en-us">
<head>
  <meta charset="UTF-8">
  <title>Your Scalatic blog</title>
  <meta name="viewport" content="width=device-width, initial-scale=1">
  <link rel="stylesheet" type="text/css" href="normalize.css" media="screen">
  <link href='http://fonts.googleapis.com/css?family=Open+Sans:400,700' rel='stylesheet' type='text/css'>
  <link rel="stylesheet" type="text/css" href="github-markdown.css" media="screen">
  <link rel="stylesheet" type="text/css" href="github-light.css" media="screen">
  <link rel="stylesheet" type="text/css" href="cayman.css" media="screen">
</head>
<body>
  <section class="page-header">
    <h1 class="project-name">Your Scalatic blog</h1>
    <h2 class="project-tagline">An enlightening one line description of your Scalatic blog.</h2>
    <a href="." class="btn">Blog Index</a>
    <a href="." class="btn">About</a>
  </section>
  <section class="main-content">
<a href='Blog-post-Sample-Two.html' class='blog-index-link'>Blog post Sample Two</a><br/>
<a href='Blog-post-Sample-One.html' class='blog-index-link'>Blog post Sample One</a>
<footer class="site-footer">
    <span class="site-footer-owner"><a href="">Some link</a> in a cool footer owned by <a href="">You</a> &copy; 2015-.</span>

    <span class="site-footer-credits">This page uses a customized version of the <a href="https://github.com/jasonlong/cayman-theme">Cayman theme</a> by <a href="https://twitter.com/jasonlong">Jason Long</a>.</span>
</footer>

</section>


</body>
</html>